Archive member included because of file (symbol)

../UART_bsp/\libhal_bsp.a(alt_getchar.o)
                              obj/default/hello_world_small.o (alt_getchar)
../UART_bsp/\libhal_bsp.a(alt_load.o)
                              ../UART_bsp//obj/HAL/src/crt0.o (alt_load)
../UART_bsp/\libhal_bsp.a(alt_main.o)
                              ../UART_bsp//obj/HAL/src/crt0.o (alt_main)
../UART_bsp/\libhal_bsp.a(alt_putstr.o)
                              obj/default/hello_world_small.o (alt_putstr)
../UART_bsp/\libhal_bsp.a(alt_sys_init.o)
                              ../UART_bsp/\libhal_bsp.a(alt_main.o) (alt_sys_init)
../UART_bsp/\libhal_bsp.a(altera_avalon_jtag_uart_read.o)
                              ../UART_bsp/\libhal_bsp.a(alt_getchar.o) (altera_avalon_jtag_uart_read)
../UART_bsp/\libhal_bsp.a(altera_avalon_jtag_uart_write.o)
                              ../UART_bsp/\libhal_bsp.a(alt_putstr.o) (altera_avalon_jtag_uart_write)
../UART_bsp/\libhal_bsp.a(alt_dcache_flush_all.o)
                              ../UART_bsp/\libhal_bsp.a(alt_load.o) (alt_dcache_flush_all)
../UART_bsp/\libhal_bsp.a(alt_dev.o)
                              ../UART_bsp/\libhal_bsp.a(alt_getchar.o) (alt_fd_list)
../UART_bsp/\libhal_bsp.a(alt_icache_flush_all.o)
                              ../UART_bsp/\libhal_bsp.a(alt_load.o) (alt_icache_flush_all)
../UART_bsp/\libhal_bsp.a(altera_nios2_qsys_irq.o)
                              ../UART_bsp/\libhal_bsp.a(alt_sys_init.o) (altera_nios2_qsys_irq_init)
c:/altera/13.0sp1/nios2eds/bin/gnu/h-i686-mingw32/bin/../lib/gcc/nios2-elf/4.1.2/../../../../nios2-elf/lib/mno-hw-mul\libsmallc.a(lib_a-strlen.o)
                              ../UART_bsp/\libhal_bsp.a(alt_putstr.o) (strlen)

Memory Configuration

Name             Origin             Length             Attributes
reset            0x00004000         0x00000020
memoria          0x00004020         0x00000fe0
*default*        0x00000000         0xffffffff

Linker script and memory map

LOAD ../UART_bsp//obj/HAL/src/crt0.o
                0x0000400c                exit = _exit
LOAD obj/default/hello_world_small.o
LOAD c:/altera/13.0sp1/nios2eds/bin/gnu/h-i686-mingw32/bin/../lib/gcc/nios2-elf/4.1.2/../../../../nios2-elf/lib/mno-hw-mul\libstdc++.a
LOAD c:/altera/13.0sp1/nios2eds/bin/gnu/h-i686-mingw32/bin/../lib/gcc/nios2-elf/4.1.2/../../../../nios2-elf/lib/mno-hw-mul\libm.a
LOAD c:/altera/13.0sp1/nios2eds/bin/gnu/h-i686-mingw32/bin/../lib/gcc/nios2-elf/4.1.2/mno-hw-mul\libgcc.a
START GROUP
LOAD c:/altera/13.0sp1/nios2eds/bin/gnu/h-i686-mingw32/bin/../lib/gcc/nios2-elf/4.1.2/../../../../nios2-elf/lib/mno-hw-mul\libsmallc.a
LOAD c:/altera/13.0sp1/nios2eds/bin/gnu/h-i686-mingw32/bin/../lib/gcc/nios2-elf/4.1.2/mno-hw-mul\libgcc.a
LOAD ../UART_bsp/\libhal_bsp.a
END GROUP
LOAD c:/altera/13.0sp1/nios2eds/bin/gnu/h-i686-mingw32/bin/../lib/gcc/nios2-elf/4.1.2/mno-hw-mul\libgcc.a
                0x00004000                __alt_mem_memoria = 0x4000

.entry          0x00004000       0x20
 *(.entry)
 .entry         0x00004000       0x20 ../UART_bsp//obj/HAL/src/crt0.o
                0x00004000                __reset
                0x0000400c                _exit

.exceptions     0x00004020        0x0
                0x00004020                PROVIDE (__ram_exceptions_start, ABSOLUTE (.))
                0x00004020                . = ALIGN (0x20)
 *(.irq)
 *(.exceptions.entry.label)
 *(.exceptions.entry.user)
 *(.exceptions.entry)
 *(.exceptions.irqtest.user)
 *(.exceptions.irqtest)
 *(.exceptions.irqhandler.user)
 *(.exceptions.irqhandler)
 *(.exceptions.irqreturn.user)
 *(.exceptions.irqreturn)
 *(.exceptions.notirq.label)
 *(.exceptions.notirq.user)
 *(.exceptions.notirq)
 *(.exceptions.soft.user)
 *(.exceptions.soft)
 *(.exceptions.unknown.user)
 *(.exceptions.unknown)
 *(.exceptions.exit.label)
 *(.exceptions.exit.user)
 *(.exceptions.exit)
 *(.exceptions)
                0x00004020                PROVIDE (__ram_exceptions_end, ABSOLUTE (.))
                0x00004020                PROVIDE (__flash_exceptions_start, LOADADDR (.exceptions))

.text           0x00004020      0x450
                0x00004020                PROVIDE (stext, ABSOLUTE (.))
 *(.interp)
 *(.hash)
 *(.dynsym)
 *(.dynstr)
 *(.gnu.version)
 *(.gnu.version_d)
 *(.gnu.version_r)
 *(.rel.init)
 *(.rela.init)
 *(.rel.text .rel.text.* .rel.gnu.linkonce.t.*)
 *(.rela.text .rela.text.* .rela.gnu.linkonce.t.*)
 *(.rel.fini)
 *(.rela.fini)
 *(.rel.rodata .rel.rodata.* .rel.gnu.linkonce.r.*)
 *(.rela.rodata .rela.rodata.* .rela.gnu.linkonce.r.*)
 *(.rel.data .rel.data.* .rel.gnu.linkonce.d.*)
 *(.rela.data .rela.data.* .rela.gnu.linkonce.d.*)
 *(.rel.tdata .rel.tdata.* .rel.gnu.linkonce.td.*)
 *(.rela.tdata .rela.tdata.* .rela.gnu.linkonce.td.*)
 *(.rel.tbss .rel.tbss.* .rel.gnu.linkonce.tb.*)
 *(.rela.tbss .rela.tbss.* .rela.gnu.linkonce.tb.*)
 *(.rel.ctors)
 *(.rela.ctors)
 *(.rel.dtors)
 *(.rela.dtors)
 *(.rel.got)
 *(.rela.got)
 *(.rel.sdata .rel.sdata.* .rel.gnu.linkonce.s.*)
 *(.rela.sdata .rela.sdata.* .rela.gnu.linkonce.s.*)
 *(.rel.sbss .rel.sbss.* .rel.gnu.linkonce.sb.*)
 *(.rela.sbss .rela.sbss.* .rela.gnu.linkonce.sb.*)
 *(.rel.sdata2 .rel.sdata2.* .rel.gnu.linkonce.s2.*)
 *(.rela.sdata2 .rela.sdata2.* .rela.gnu.linkonce.s2.*)
 *(.rel.sbss2 .rel.sbss2.* .rel.gnu.linkonce.sb2.*)
 *(.rela.sbss2 .rela.sbss2.* .rela.gnu.linkonce.sb2.*)
 *(.rel.bss .rel.bss.* .rel.gnu.linkonce.b.*)
 *(.rela.bss .rela.bss.* .rela.gnu.linkonce.b.*)
 *(.rel.plt)
 *(.rela.plt)
 *(.rel.dyn)
 *(.init)
 *(.plt)
 *(.text .stub .text.* .gnu.linkonce.t.*)
 .text          0x00004020       0x3c ../UART_bsp//obj/HAL/src/crt0.o
                0x00004020                _start
 .text          0x0000405c      0x1f0 obj/default/hello_world_small.o
                0x0000405c                clear_input_buffer
                0x00004088                alt_getline
                0x00004158                sendBinaryValueToFCW
                0x0000418c                main
                0x000041bc                envia_uart
                0x0000420c                recibe_uart
 .text          0x0000424c       0x44 ../UART_bsp/\libhal_bsp.a(alt_getchar.o)
                0x0000424c                alt_getchar
 .text          0x00004290       0x8c ../UART_bsp/\libhal_bsp.a(alt_load.o)
                0x000042b0                alt_load
 .text          0x0000431c       0x2c ../UART_bsp/\libhal_bsp.a(alt_main.o)
                0x0000431c                alt_main
 .text          0x00004348       0x38 ../UART_bsp/\libhal_bsp.a(alt_putstr.o)
                0x00004348                alt_putstr
 .text          0x00004380       0x24 ../UART_bsp/\libhal_bsp.a(alt_sys_init.o)
                0x00004380                alt_sys_init
                0x00004384                alt_irq_init
 .text          0x000043a4       0x60 ../UART_bsp/\libhal_bsp.a(altera_avalon_jtag_uart_read.o)
                0x000043a4                altera_avalon_jtag_uart_read
 .text          0x00004404       0x34 ../UART_bsp/\libhal_bsp.a(altera_avalon_jtag_uart_write.o)
                0x00004404                altera_avalon_jtag_uart_write
 .text          0x00004438        0x4 ../UART_bsp/\libhal_bsp.a(alt_dcache_flush_all.o)
                0x00004438                alt_dcache_flush_all
 .text          0x0000443c        0x8 ../UART_bsp/\libhal_bsp.a(alt_dev.o)
 .text          0x00004444        0x4 ../UART_bsp/\libhal_bsp.a(alt_icache_flush_all.o)
                0x00004444                alt_icache_flush_all
 .text          0x00004448        0x8 ../UART_bsp/\libhal_bsp.a(altera_nios2_qsys_irq.o)
                0x00004448                altera_nios2_qsys_irq_init
 .text          0x00004450       0x20 c:/altera/13.0sp1/nios2eds/bin/gnu/h-i686-mingw32/bin/../lib/gcc/nios2-elf/4.1.2/../../../../nios2-elf/lib/mno-hw-mul\libsmallc.a(lib_a-strlen.o)
                0x00004450                strlen
 *(.gnu.warning.*)
 *(.fini)
                0x00004470                PROVIDE (__etext, ABSOLUTE (.))
                0x00004470                PROVIDE (_etext, ABSOLUTE (.))
                0x00004470                PROVIDE (etext, ABSOLUTE (.))
 *(.eh_frame_hdr)
                0x00004470                . = ALIGN (0x4)
                0x00004470                PROVIDE (__preinit_array_start, ABSOLUTE (.))
 *(.preinit_array)
                0x00004470                PROVIDE (__preinit_array_end, ABSOLUTE (.))
                0x00004470                PROVIDE (__init_array_start, ABSOLUTE (.))
 *(.init_array)
                0x00004470                PROVIDE (__init_array_end, ABSOLUTE (.))
                0x00004470                PROVIDE (__fini_array_start, ABSOLUTE (.))
 *(.fini_array)
                0x00004470                PROVIDE (__fini_array_end, ABSOLUTE (.))
 *(.eh_frame)
 *(.gcc_except_table)
 *(.dynamic)
                0x00004470                PROVIDE (__CTOR_LIST__, ABSOLUTE (.))
 *(.ctors)
 *(SORT(.ctors.*))
                0x00004470                PROVIDE (__CTOR_END__, ABSOLUTE (.))
                0x00004470                PROVIDE (__DTOR_LIST__, ABSOLUTE (.))
 *(.dtors)
 *(SORT(.dtors.*))
                0x00004470                PROVIDE (__DTOR_END__, ABSOLUTE (.))
 *(.jcr)
                0x00004470                . = ALIGN (0x4)

.rodata         0x00004470       0x34
                0x00004470                PROVIDE (__ram_rodata_start, ABSOLUTE (.))
                0x00004470                . = ALIGN (0x4)
 *(.rodata .rodata.* .gnu.linkonce.r.*)
 .rodata.str1.4
                0x00004470       0x27 obj/default/hello_world_small.o
                                 0x28 (size before relaxing)
 *fill*         0x00004497        0x1 00
 .rodata.str1.4
                0x00004498        0xc ../UART_bsp/\libhal_bsp.a(alt_dev.o)
 *(.rodata1)
                0x000044a4                . = ALIGN (0x4)
                0x000044a4                PROVIDE (__ram_rodata_end, ABSOLUTE (.))
                0x00004470                PROVIDE (__flash_rodata_start, LOADADDR (.rodata))

.rwdata         0x000044a4       0x70 load address 0x00004514
                0x000044a4                PROVIDE (__ram_rwdata_start, ABSOLUTE (.))
                0x000044a4                . = ALIGN (0x4)
 *(.got.plt)
 *(.got)
 *(.data1)
 *(.data .data.* .gnu.linkonce.d.*)
 .data          0x000044a4        0x0 ../UART_bsp//obj/HAL/src/crt0.o
 .data          0x000044a4        0x0 obj/default/hello_world_small.o
 .data          0x000044a4        0x0 ../UART_bsp/\libhal_bsp.a(alt_getchar.o)
 .data          0x000044a4        0x0 ../UART_bsp/\libhal_bsp.a(alt_load.o)
 .data          0x000044a4        0x0 ../UART_bsp/\libhal_bsp.a(alt_main.o)
 .data          0x000044a4        0x0 ../UART_bsp/\libhal_bsp.a(alt_putstr.o)
 .data          0x000044a4        0x0 ../UART_bsp/\libhal_bsp.a(alt_sys_init.o)
 .data          0x000044a4        0x0 ../UART_bsp/\libhal_bsp.a(altera_avalon_jtag_uart_read.o)
 .data          0x000044a4        0x0 ../UART_bsp/\libhal_bsp.a(altera_avalon_jtag_uart_write.o)
 .data          0x000044a4        0x0 ../UART_bsp/\libhal_bsp.a(alt_dcache_flush_all.o)
 .data          0x000044a4       0x58 ../UART_bsp/\libhal_bsp.a(alt_dev.o)
                0x000044a4                alt_dev_null
                0x000044cc                alt_fd_list
 .data          0x000044fc        0x0 ../UART_bsp/\libhal_bsp.a(alt_icache_flush_all.o)
 .data          0x000044fc        0x0 ../UART_bsp/\libhal_bsp.a(altera_nios2_qsys_irq.o)
 .data          0x000044fc        0x0 c:/altera/13.0sp1/nios2eds/bin/gnu/h-i686-mingw32/bin/../lib/gcc/nios2-elf/4.1.2/../../../../nios2-elf/lib/mno-hw-mul\libsmallc.a(lib_a-strlen.o)
                0x0000c4fc                _gp = ABSOLUTE ((. + 0x8000))
                0x0000c4fc                PROVIDE (gp, _gp)
 *(.rwdata .rwdata.*)
 *(.sdata .sdata.* .gnu.linkonce.s.*)
 .sdata         0x000044fc        0x4 ../UART_bsp/\libhal_bsp.a(alt_sys_init.o)
                0x000044fc                uart
 .sdata         0x00004500       0x14 ../UART_bsp/\libhal_bsp.a(alt_dev.o)
                0x00004500                alt_fs_list
                0x00004508                alt_dev_list
                0x00004510                alt_max_fd
 *(.sdata2 .sdata2.* .gnu.linkonce.s2.*)
                0x00004514                . = ALIGN (0x4)
                0x00004514                _edata = ABSOLUTE (.)
                0x00004514                PROVIDE (edata, ABSOLUTE (.))
                0x00004514                PROVIDE (__ram_rwdata_end, ABSOLUTE (.))
                0x00004514                PROVIDE (__flash_rwdata_start, LOADADDR (.rwdata))

.bss            0x00004584       0x10
                0x00004584                __bss_start = ABSOLUTE (.)
                0x00004584                PROVIDE (__sbss_start, ABSOLUTE (.))
                0x00004584                PROVIDE (___sbss_start, ABSOLUTE (.))
 *(.dynsbss)
 *(.sbss .sbss.* .gnu.linkonce.sb.*)
 .sbss          0x00004584        0xc ../UART_bsp/\libhal_bsp.a(alt_main.o)
                0x00004584                alt_argc
                0x00004588                alt_argv
                0x0000458c                alt_envp
 .sbss          0x00004590        0x4 ../UART_bsp/\libhal_bsp.a(alt_sys_init.o)
                0x00004590                jtag
 *(.sbss2 .sbss2.* .gnu.linkonce.sb2.*)
 *(.scommon)
                0x00004594                PROVIDE (__sbss_end, ABSOLUTE (.))
                0x00004594                PROVIDE (___sbss_end, ABSOLUTE (.))
 *(.dynbss)
 *(.bss .bss.* .gnu.linkonce.b.*)
 .bss           0x00004594        0x0 ../UART_bsp//obj/HAL/src/crt0.o
 .bss           0x00004594        0x0 obj/default/hello_world_small.o
 .bss           0x00004594        0x0 ../UART_bsp/\libhal_bsp.a(alt_getchar.o)
 .bss           0x00004594        0x0 ../UART_bsp/\libhal_bsp.a(alt_load.o)
 .bss           0x00004594        0x0 ../UART_bsp/\libhal_bsp.a(alt_main.o)
 .bss           0x00004594        0x0 ../UART_bsp/\libhal_bsp.a(alt_putstr.o)
 .bss           0x00004594        0x0 ../UART_bsp/\libhal_bsp.a(alt_sys_init.o)
 .bss           0x00004594        0x0 ../UART_bsp/\libhal_bsp.a(altera_avalon_jtag_uart_read.o)
 .bss           0x00004594        0x0 ../UART_bsp/\libhal_bsp.a(altera_avalon_jtag_uart_write.o)
 .bss           0x00004594        0x0 ../UART_bsp/\libhal_bsp.a(alt_dcache_flush_all.o)
 .bss           0x00004594        0x0 ../UART_bsp/\libhal_bsp.a(alt_dev.o)
 .bss           0x00004594        0x0 ../UART_bsp/\libhal_bsp.a(alt_icache_flush_all.o)
 .bss           0x00004594        0x0 ../UART_bsp/\libhal_bsp.a(altera_nios2_qsys_irq.o)
 .bss           0x00004594        0x0 c:/altera/13.0sp1/nios2eds/bin/gnu/h-i686-mingw32/bin/../lib/gcc/nios2-elf/4.1.2/../../../../nios2-elf/lib/mno-hw-mul\libsmallc.a(lib_a-strlen.o)
 *(COMMON)
                0x00004594                . = ALIGN (0x4)
                0x00004594                __bss_end = ABSOLUTE (.)

.memoria        0x00004594        0x0
                0x00004594                PROVIDE (_alt_partition_memoria_start, ABSOLUTE (.))
 *(.memoria. memoria.*)
                0x00004594                . = ALIGN (0x4)
                0x00004594                PROVIDE (_alt_partition_memoria_end, ABSOLUTE (.))
                0x00004594                _end = ABSOLUTE (.)
                0x00004594                end = ABSOLUTE (.)
                0x00004594                __alt_stack_base = ABSOLUTE (.)
                0x00004594                PROVIDE (_alt_partition_memoria_load_addr, LOADADDR (.memoria))

.stab
 *(.stab)

.stabstr
 *(.stabstr)

.stab.excl
 *(.stab.excl)

.stab.exclstr
 *(.stab.exclstr)

.stab.index
 *(.stab.index)

.stab.indexstr
 *(.stab.indexstr)

.comment        0x00000000       0x26
 *(.comment)
 .comment       0x00000000       0x26 obj/default/hello_world_small.o
                                 0x27 (size before relaxing)
 .comment       0x00000000       0x27 ../UART_bsp/\libhal_bsp.a(alt_getchar.o)
 .comment       0x00000000       0x27 ../UART_bsp/\libhal_bsp.a(alt_load.o)
 .comment       0x00000000       0x27 ../UART_bsp/\libhal_bsp.a(alt_main.o)
 .comment       0x00000000       0x27 ../UART_bsp/\libhal_bsp.a(alt_putstr.o)
 .comment       0x00000000       0x27 ../UART_bsp/\libhal_bsp.a(alt_sys_init.o)
 .comment       0x00000000       0x27 ../UART_bsp/\libhal_bsp.a(altera_avalon_jtag_uart_read.o)
 .comment       0x00000000       0x27 ../UART_bsp/\libhal_bsp.a(altera_avalon_jtag_uart_write.o)
 .comment       0x00000000       0x27 ../UART_bsp/\libhal_bsp.a(alt_dcache_flush_all.o)
 .comment       0x00000000       0x27 ../UART_bsp/\libhal_bsp.a(alt_dev.o)
 .comment       0x00000000       0x27 ../UART_bsp/\libhal_bsp.a(alt_icache_flush_all.o)
 .comment       0x00000000       0x27 ../UART_bsp/\libhal_bsp.a(altera_nios2_qsys_irq.o)
 .comment       0x00000000       0x27 c:/altera/13.0sp1/nios2eds/bin/gnu/h-i686-mingw32/bin/../lib/gcc/nios2-elf/4.1.2/../../../../nios2-elf/lib/mno-hw-mul\libsmallc.a(lib_a-strlen.o)

.debug
 *(.debug)

.line
 *(.line)

.debug_srcinfo
 *(.debug_srcinfo)

.debug_sfnames
 *(.debug_sfnames)

.debug_aranges  0x00000000      0x1c8
 *(.debug_aranges)
 .debug_aranges
                0x00000000       0x28 ../UART_bsp//obj/HAL/src/crt0.o
 .debug_aranges
                0x00000028       0x20 obj/default/hello_world_small.o
 .debug_aranges
                0x00000048       0x20 ../UART_bsp/\libhal_bsp.a(alt_getchar.o)
 .debug_aranges
                0x00000068       0x20 ../UART_bsp/\libhal_bsp.a(alt_load.o)
 .debug_aranges
                0x00000088       0x20 ../UART_bsp/\libhal_bsp.a(alt_main.o)
 .debug_aranges
                0x000000a8       0x20 ../UART_bsp/\libhal_bsp.a(alt_putstr.o)
 .debug_aranges
                0x000000c8       0x20 ../UART_bsp/\libhal_bsp.a(alt_sys_init.o)
 .debug_aranges
                0x000000e8       0x20 ../UART_bsp/\libhal_bsp.a(altera_avalon_jtag_uart_read.o)
 .debug_aranges
                0x00000108       0x20 ../UART_bsp/\libhal_bsp.a(altera_avalon_jtag_uart_write.o)
 .debug_aranges
                0x00000128       0x20 ../UART_bsp/\libhal_bsp.a(alt_dcache_flush_all.o)
 .debug_aranges
                0x00000148       0x20 ../UART_bsp/\libhal_bsp.a(alt_dev.o)
 .debug_aranges
                0x00000168       0x20 ../UART_bsp/\libhal_bsp.a(alt_icache_flush_all.o)
 .debug_aranges
                0x00000188       0x20 ../UART_bsp/\libhal_bsp.a(altera_nios2_qsys_irq.o)
 .debug_aranges
                0x000001a8       0x20 c:/altera/13.0sp1/nios2eds/bin/gnu/h-i686-mingw32/bin/../lib/gcc/nios2-elf/4.1.2/../../../../nios2-elf/lib/mno-hw-mul\libsmallc.a(lib_a-strlen.o)

.debug_pubnames
                0x00000000      0x2d6
 *(.debug_pubnames)
 .debug_pubnames
                0x00000000       0x7a obj/default/hello_world_small.o
 .debug_pubnames
                0x0000007a       0x22 ../UART_bsp/\libhal_bsp.a(alt_getchar.o)
 .debug_pubnames
                0x0000009c       0x1f ../UART_bsp/\libhal_bsp.a(alt_load.o)
 .debug_pubnames
                0x000000bb       0x46 ../UART_bsp/\libhal_bsp.a(alt_main.o)
 .debug_pubnames
                0x00000101       0x21 ../UART_bsp/\libhal_bsp.a(alt_putstr.o)
 .debug_pubnames
                0x00000122       0x46 ../UART_bsp/\libhal_bsp.a(alt_sys_init.o)
 .debug_pubnames
                0x00000168       0x33 ../UART_bsp/\libhal_bsp.a(altera_avalon_jtag_uart_read.o)
 .debug_pubnames
                0x0000019b       0x34 ../UART_bsp/\libhal_bsp.a(altera_avalon_jtag_uart_write.o)
 .debug_pubnames
                0x000001cf       0x2b ../UART_bsp/\libhal_bsp.a(alt_dcache_flush_all.o)
 .debug_pubnames
                0x000001fa       0x63 ../UART_bsp/\libhal_bsp.a(alt_dev.o)
 .debug_pubnames
                0x0000025d       0x2b ../UART_bsp/\libhal_bsp.a(alt_icache_flush_all.o)
 .debug_pubnames
                0x00000288       0x31 ../UART_bsp/\libhal_bsp.a(altera_nios2_qsys_irq.o)
 .debug_pubnames
                0x000002b9       0x1d c:/altera/13.0sp1/nios2eds/bin/gnu/h-i686-mingw32/bin/../lib/gcc/nios2-elf/4.1.2/../../../../nios2-elf/lib/mno-hw-mul\libsmallc.a(lib_a-strlen.o)

.debug_info     0x00000000     0x1498
 *(.debug_info .gnu.linkonce.wi.*)
 .debug_info    0x00000000       0x51 ../UART_bsp//obj/HAL/src/crt0.o
 .debug_info    0x00000051      0x1f9 obj/default/hello_world_small.o
 .debug_info    0x0000024a      0x300 ../UART_bsp/\libhal_bsp.a(alt_getchar.o)
 .debug_info    0x0000054a      0x12e ../UART_bsp/\libhal_bsp.a(alt_load.o)
 .debug_info    0x00000678      0x125 ../UART_bsp/\libhal_bsp.a(alt_main.o)
 .debug_info    0x0000079d       0xc5 ../UART_bsp/\libhal_bsp.a(alt_putstr.o)
 .debug_info    0x00000862      0x1b5 ../UART_bsp/\libhal_bsp.a(alt_sys_init.o)
 .debug_info    0x00000a17      0x1ac ../UART_bsp/\libhal_bsp.a(altera_avalon_jtag_uart_read.o)
 .debug_info    0x00000bc3      0x18f ../UART_bsp/\libhal_bsp.a(altera_avalon_jtag_uart_write.o)
 .debug_info    0x00000d52       0x8d ../UART_bsp/\libhal_bsp.a(alt_dcache_flush_all.o)
 .debug_info    0x00000ddf      0x4dd ../UART_bsp/\libhal_bsp.a(alt_dev.o)
 .debug_info    0x000012bc       0x8d ../UART_bsp/\libhal_bsp.a(alt_icache_flush_all.o)
 .debug_info    0x00001349       0x8d ../UART_bsp/\libhal_bsp.a(altera_nios2_qsys_irq.o)
 .debug_info    0x000013d6       0xc2 c:/altera/13.0sp1/nios2eds/bin/gnu/h-i686-mingw32/bin/../lib/gcc/nios2-elf/4.1.2/../../../../nios2-elf/lib/mno-hw-mul\libsmallc.a(lib_a-strlen.o)

.debug_abbrev   0x00000000      0x8b1
 *(.debug_abbrev)
 .debug_abbrev  0x00000000       0x12 ../UART_bsp//obj/HAL/src/crt0.o
 .debug_abbrev  0x00000012      0x139 obj/default/hello_world_small.o
 .debug_abbrev  0x0000014b       0xdd ../UART_bsp/\libhal_bsp.a(alt_getchar.o)
 .debug_abbrev  0x00000228       0x97 ../UART_bsp/\libhal_bsp.a(alt_load.o)
 .debug_abbrev  0x000002bf       0xa6 ../UART_bsp/\libhal_bsp.a(alt_main.o)
 .debug_abbrev  0x00000365       0x7c ../UART_bsp/\libhal_bsp.a(alt_putstr.o)
 .debug_abbrev  0x000003e1       0xe3 ../UART_bsp/\libhal_bsp.a(alt_sys_init.o)
 .debug_abbrev  0x000004c4       0xf0 ../UART_bsp/\libhal_bsp.a(altera_avalon_jtag_uart_read.o)
 .debug_abbrev  0x000005b4       0xf0 ../UART_bsp/\libhal_bsp.a(altera_avalon_jtag_uart_write.o)
 .debug_abbrev  0x000006a4       0x3f ../UART_bsp/\libhal_bsp.a(alt_dcache_flush_all.o)
 .debug_abbrev  0x000006e3       0xd6 ../UART_bsp/\libhal_bsp.a(alt_dev.o)
 .debug_abbrev  0x000007b9       0x3f ../UART_bsp/\libhal_bsp.a(alt_icache_flush_all.o)
 .debug_abbrev  0x000007f8       0x3f ../UART_bsp/\libhal_bsp.a(altera_nios2_qsys_irq.o)
 .debug_abbrev  0x00000837       0x7a c:/altera/13.0sp1/nios2eds/bin/gnu/h-i686-mingw32/bin/../lib/gcc/nios2-elf/4.1.2/../../../../nios2-elf/lib/mno-hw-mul\libsmallc.a(lib_a-strlen.o)

.debug_line     0x00000000     0x1eab
 *(.debug_line)
 .debug_line    0x00000000       0x66 ../UART_bsp//obj/HAL/src/crt0.o
 .debug_line    0x00000066      0x28a obj/default/hello_world_small.o
 .debug_line    0x000002f0      0x258 ../UART_bsp/\libhal_bsp.a(alt_getchar.o)
 .debug_line    0x00000548      0x217 ../UART_bsp/\libhal_bsp.a(alt_load.o)
 .debug_line    0x0000075f      0x2c2 ../UART_bsp/\libhal_bsp.a(alt_main.o)
 .debug_line    0x00000a21      0x1d9 ../UART_bsp/\libhal_bsp.a(alt_putstr.o)
 .debug_line    0x00000bfa      0x2c6 ../UART_bsp/\libhal_bsp.a(alt_sys_init.o)
 .debug_line    0x00000ec0      0x323 ../UART_bsp/\libhal_bsp.a(altera_avalon_jtag_uart_read.o)
 .debug_line    0x000011e3      0x2f4 ../UART_bsp/\libhal_bsp.a(altera_avalon_jtag_uart_write.o)
 .debug_line    0x000014d7      0x1b5 ../UART_bsp/\libhal_bsp.a(alt_dcache_flush_all.o)
 .debug_line    0x0000168c      0x24c ../UART_bsp/\libhal_bsp.a(alt_dev.o)
 .debug_line    0x000018d8      0x1b5 ../UART_bsp/\libhal_bsp.a(alt_icache_flush_all.o)
 .debug_line    0x00001a8d      0x1ce ../UART_bsp/\libhal_bsp.a(altera_nios2_qsys_irq.o)
 .debug_line    0x00001c5b      0x250 c:/altera/13.0sp1/nios2eds/bin/gnu/h-i686-mingw32/bin/../lib/gcc/nios2-elf/4.1.2/../../../../nios2-elf/lib/mno-hw-mul\libsmallc.a(lib_a-strlen.o)

.debug_frame    0x00000000      0x260
 *(.debug_frame)
 .debug_frame   0x00000000       0x98 obj/default/hello_world_small.o
 .debug_frame   0x00000098       0x28 ../UART_bsp/\libhal_bsp.a(alt_getchar.o)
 .debug_frame   0x000000c0       0x38 ../UART_bsp/\libhal_bsp.a(alt_load.o)
 .debug_frame   0x000000f8       0x28 ../UART_bsp/\libhal_bsp.a(alt_main.o)
 .debug_frame   0x00000120       0x28 ../UART_bsp/\libhal_bsp.a(alt_putstr.o)
 .debug_frame   0x00000148       0x38 ../UART_bsp/\libhal_bsp.a(alt_sys_init.o)
 .debug_frame   0x00000180       0x20 ../UART_bsp/\libhal_bsp.a(altera_avalon_jtag_uart_read.o)
 .debug_frame   0x000001a0       0x20 ../UART_bsp/\libhal_bsp.a(altera_avalon_jtag_uart_write.o)
 .debug_frame   0x000001c0       0x20 ../UART_bsp/\libhal_bsp.a(alt_dcache_flush_all.o)
 .debug_frame   0x000001e0       0x20 ../UART_bsp/\libhal_bsp.a(alt_dev.o)
 .debug_frame   0x00000200       0x20 ../UART_bsp/\libhal_bsp.a(alt_icache_flush_all.o)
 .debug_frame   0x00000220       0x20 ../UART_bsp/\libhal_bsp.a(altera_nios2_qsys_irq.o)
 .debug_frame   0x00000240       0x20 c:/altera/13.0sp1/nios2eds/bin/gnu/h-i686-mingw32/bin/../lib/gcc/nios2-elf/4.1.2/../../../../nios2-elf/lib/mno-hw-mul\libsmallc.a(lib_a-strlen.o)

.debug_str      0x00000000      0x77e
 *(.debug_str)
 .debug_str     0x00000000      0x124 obj/default/hello_world_small.o
                                0x167 (size before relaxing)
 .debug_str     0x00000124       0xfd ../UART_bsp/\libhal_bsp.a(alt_getchar.o)
                                0x1a8 (size before relaxing)
 .debug_str     0x00000221       0xf1 ../UART_bsp/\libhal_bsp.a(alt_load.o)
                                0x1a6 (size before relaxing)
 .debug_str     0x00000312       0x44 ../UART_bsp/\libhal_bsp.a(alt_main.o)
                                0x12a (size before relaxing)
 .debug_str     0x00000356       0x20 ../UART_bsp/\libhal_bsp.a(alt_putstr.o)
                                 0xfa (size before relaxing)
 .debug_str     0x00000376       0xb9 ../UART_bsp/\libhal_bsp.a(alt_sys_init.o)
                                0x1d1 (size before relaxing)
 .debug_str     0x0000042f       0x53 ../UART_bsp/\libhal_bsp.a(altera_avalon_jtag_uart_read.o)
                                0x1ac (size before relaxing)
 .debug_str     0x00000482       0x50 ../UART_bsp/\libhal_bsp.a(altera_avalon_jtag_uart_write.o)
                                0x1a2 (size before relaxing)
 .debug_str     0x000004d2       0x34 ../UART_bsp/\libhal_bsp.a(alt_dcache_flush_all.o)
                                 0xe9 (size before relaxing)
 .debug_str     0x00000506      0x120 ../UART_bsp/\libhal_bsp.a(alt_dev.o)
                                0x299 (size before relaxing)
 .debug_str     0x00000626       0x34 ../UART_bsp/\libhal_bsp.a(alt_icache_flush_all.o)
                                 0xe9 (size before relaxing)
 .debug_str     0x0000065a       0x3b ../UART_bsp/\libhal_bsp.a(altera_nios2_qsys_irq.o)
                                 0xf0 (size before relaxing)
 .debug_str     0x00000695       0xe9 c:/altera/13.0sp1/nios2eds/bin/gnu/h-i686-mingw32/bin/../lib/gcc/nios2-elf/4.1.2/../../../../nios2-elf/lib/mno-hw-mul\libsmallc.a(lib_a-strlen.o)
                                0x184 (size before relaxing)

.debug_loc      0x00000000      0x320
 *(.debug_loc)
 .debug_loc     0x00000000      0x1d4 obj/default/hello_world_small.o
 .debug_loc     0x000001d4       0x1f ../UART_bsp/\libhal_bsp.a(alt_getchar.o)
 .debug_loc     0x000001f3       0x1f ../UART_bsp/\libhal_bsp.a(alt_load.o)
 .debug_loc     0x00000212       0x1f ../UART_bsp/\libhal_bsp.a(alt_main.o)
 .debug_loc     0x00000231       0x48 ../UART_bsp/\libhal_bsp.a(alt_putstr.o)
 .debug_loc     0x00000279       0x32 ../UART_bsp/\libhal_bsp.a(alt_sys_init.o)
 .debug_loc     0x000002ab       0x31 ../UART_bsp/\libhal_bsp.a(altera_avalon_jtag_uart_read.o)
 .debug_loc     0x000002dc       0x26 ../UART_bsp/\libhal_bsp.a(altera_avalon_jtag_uart_write.o)
 .debug_loc     0x00000302       0x1e c:/altera/13.0sp1/nios2eds/bin/gnu/h-i686-mingw32/bin/../lib/gcc/nios2-elf/4.1.2/../../../../nios2-elf/lib/mno-hw-mul\libsmallc.a(lib_a-strlen.o)

.debug_macinfo
 *(.debug_macinfo)

.debug_weaknames
 *(.debug_weaknames)

.debug_funcnames
 *(.debug_funcnames)

.debug_typenames
 *(.debug_typenames)

.debug_varnames
 *(.debug_varnames)

.debug_alt_sim_info
                0x00000000       0x10
 *(.debug_alt_sim_info)
 .debug_alt_sim_info
                0x00000000       0x10 ../UART_bsp//obj/HAL/src/crt0.o
                0x00005000                __alt_data_end = 0x5000
                0x00005000                PROVIDE (__alt_stack_pointer, __alt_data_end)
                0x00004594                PROVIDE (__alt_stack_limit, __alt_stack_base)
                0x00004594                PROVIDE (__alt_heap_start, end)
                0x00005000                PROVIDE (__alt_heap_limit, 0x5000)
OUTPUT(UART.elf elf32-littlenios2)

.debug_ranges   0x00000000       0x20
 .debug_ranges  0x00000000       0x20 ../UART_bsp//obj/HAL/src/crt0.o
